
    -----------------------------------------------------------------------
          Psi4: An Open-Source Ab Initio Electronic Structure Package
                               Psi4 1.3.2 release

                         Git: Rev {HEAD} ecbda83 


    R. M. Parrish, L. A. Burns, D. G. A. Smith, A. C. Simmonett,
    A. E. DePrince III, E. G. Hohenstein, U. Bozkaya, A. Yu. Sokolov,
    R. Di Remigio, R. M. Richard, J. F. Gonthier, A. M. James,
    H. R. McAlexander, A. Kumar, M. Saitow, X. Wang, B. P. Pritchard,
    P. Verma, H. F. Schaefer III, K. Patkowski, R. A. King, E. F. Valeev,
    F. A. Evangelista, J. M. Turney, T. D. Crawford, and C. D. Sherrill,
    J. Chem. Theory Comput. 13(7) pp 3185--3197 (2017).
    (doi: 10.1021/acs.jctc.7b00174)


                         Additional Contributions by
    P. Kraus, H. Kruse, M. H. Lechner, M. C. Schieber, R. A. Shaw,
    A. Alenaizan, R. Galvelis, Z. L. Glick, S. Lehtola, and J. P. Misiewicz

    -----------------------------------------------------------------------


    Psi4 started on: Thursday, 25 July 2019 08:37PM

    Process ID: 20673
    Host:       whirligig
    PSIDATADIR: /usr/local/psi4/share/psi4
    Memory:     500.0 MiB
    Threads:    12
    
  ==> Input File <==

--------------------------------------------------------------------------
memory 8 GB

basis {
  assign aug-cc-pvtz
  assign Kr midbond
  assign Xe midbond
  assign Rn midbond
}

df_basis_scf {
  assign Kr midbond-ri
  assign Xe midbond-ri
  assign Rn midbond-ri
}

# Molecule A
molecule water1 {
  no_reorient
  no_com
  units bohr
   0  1
   O1              0.10880900       0.00000000      -0.06077600
   H1             -0.16161460       0.00000000       1.75530702
   H2             -1.57933347       0.00000000      -0.78289890
   @O1            -0.09648300       0.00000000       5.59028800
   @H1             0.77186787       1.45365210       6.30032236
   @H2             0.77186805      -1.45365182       6.30032273
   @Kr             0.00376528       0.00000007       3.64787605
}

energy, wfn = energy('SCF', return_wfn=True)

fchk_writer = psi4.FCHKWriter(wfn)
fchk_writer.write('H2O2_A.fchk')
--------------------------------------------------------------------------

  Memory set to   7.451 GiB by Python driver.

*** tstart() called on whirligig
*** at Thu Jul 25 20:37:25 2019

   => Loading Basis Set <=

    Name: ANONYMOUSEAD1758F
    Role: ORBITAL
    Keyword: BASIS
    atoms 1, 4     entry O          line   344 file /home/ajs1/CamCASP/basis/psi4/aug-cc-pvtz.gbs 
    atoms 2-3, 5-6 entry H          line     6 file /home/ajs1/CamCASP/basis/psi4/aug-cc-pvtz.gbs 
    atoms 7        entry KR         line     8 file /home/ajs1/CamCASP/basis/psi4/midbond.gbs 


         ---------------------------------------------------------
                                   SCF
               by Justin Turney, Rob Parrish, Andy Simmonett
                          and Daniel G. A. Smith
                              RHF Reference
                       12 Threads,   7629 MiB Core
         ---------------------------------------------------------

  ==> Geometry <==

    Molecular point group: c1
    Full point group: C1

    Geometry (in Bohr), charge = 0, multiplicity = 1:

       Center              X                  Y                   Z               Mass       
    ------------   -----------------  -----------------  -----------------  -----------------
         O            0.108809000000     0.000000000000    -0.060776000000    15.994914619570
         H           -0.161614600000     0.000000000000     1.755307020000     1.007825032230
         H           -1.579333470000     0.000000000000    -0.782898900000     1.007825032230
      Gh(O)          -0.096483000000     0.000000000000     5.590288000000    15.994914619570
      Gh(H)           0.771867870000     1.453652100000     6.300322360000     1.007825032230
      Gh(H)           0.771868050000    -1.453651820000     6.300322730000     1.007825032230
      Gh(KR)          0.003765280000     0.000000070000     3.647876050000    83.911497728200

  Running in c1 symmetry.

  Rotational constants: A =      7.22357  B =      0.03532  C =      0.03532 [cm^-1]
  Rotational constants: A = 216557.20753  B =   1058.90646  C =   1058.79168 [MHz]
  Nuclear repulsion =    9.058053550306971

  Charge       = 0
  Multiplicity = 1
  Electrons    = 10
  Nalpha       = 5
  Nbeta        = 5

  ==> Algorithm <==

  SCF Algorithm Type is DF.
  DIIS enabled.
  MOM disabled.
  Fractional occupation disabled.
  Guess Type is SAD.
  Energy threshold   = 1.00e-06
  Density threshold  = 1.00e-06
  Integral threshold = 0.00e+00

  ==> Primary Basis <==

  Basis Set: ANONYMOUSEAD1758F
    Blend: AUG-CC-PVTZ + MIDBOND
    Number of shells: 70
    Number of basis function: 198
    Number of Cartesian functions: 225
    Spherical Harmonics?: true
    Max angular momentum: 3

   => Loading Basis Set <=

    Name: ANONYMOUS208C1209
    Role: JKFIT
    Keyword: DF_BASIS_SCF
    atoms 1, 4     entry O          line   286 file /usr/local/psi4/share/psi4/basis/aug-cc-pvtz-jkfit.gbs 
    atoms 2-3, 5-6 entry H          line    70 file /usr/local/psi4/share/psi4/basis/aug-cc-pvtz-jkfit.gbs 
    atoms 7        entry KR         line     7 file /home/ajs1/CamCASP/basis/psi4/midbond-ri.gbs 

  ==> Pre-Iterations <==

   -------------------------------------------------------
    Irrep   Nso     Nmo     Nalpha   Nbeta   Ndocc  Nsocc
   -------------------------------------------------------
     A        198     198       0       0       0       0
   -------------------------------------------------------
    Total     198     198       5       5       5       0
   -------------------------------------------------------

  ==> Integral Setup <==

  DFHelper Memory: AOs need 0.140 GiB; user supplied 5.588 GiB. Using in-core AOs.

  ==> MemDFJK: Density-Fitted J/K Matrices <==

    J tasked:                   Yes
    K tasked:                   Yes
    wK tasked:                   No
    OpenMP threads:              12
    Memory [MiB]:              5722
    Algorithm:                 Core
    Schwarz Cutoff:           1E-12
    Mask sparsity (%):       1.1785
    Fitting Condition:        1E-10

   => Auxiliary Basis Set <=

  Basis Set: ANONYMOUS208C1209
    Blend: AUG-CC-PVTZ-JKFIT + MIDBOND-RI
    Number of shells: 128
    Number of basis function: 442
    Number of Cartesian functions: 547
    Spherical Harmonics?: true
    Max angular momentum: 4

  Minimum eigenvalue in the overlap matrix is 1.9830255947E-05.
  Using Symmetric Orthogonalization.

  SCF Guess: Superposition of Atomic Densities via on-the-fly atomic UHF.

  ==> Iterations <==

                           Total Energy        Delta E     RMS |[F,P]|

   @DF-RHF iter SAD:   -75.46118904827303   -7.54612e+01   0.00000e+00 
   @DF-RHF iter   1:   -75.97454790119269   -5.13359e-01   2.36104e-03 DIIS
   @DF-RHF iter   2:   -76.02663585328924   -5.20880e-02   1.63138e-03 DIIS
   @DF-RHF iter   3:   -76.05898572143060   -3.23499e-02   1.11100e-04 DIIS
   @DF-RHF iter   4:   -76.05939224339426   -4.06522e-04   2.73225e-05 DIIS
   @DF-RHF iter   5:   -76.05941926795911   -2.70246e-05   6.27214e-06 DIIS
   @DF-RHF iter   6:   -76.05942152269773   -2.25474e-06   1.38042e-06 DIIS
   @DF-RHF iter   7:   -76.05942164232280   -1.19625e-07   2.48346e-07 DIIS
  Energy and wave function converged.


  ==> Post-Iterations <==

    Orbital Energies [Eh]
    ---------------------

    Doubly Occupied:                                                      

       1A    -20.569593     2A     -1.346088     3A     -0.710290  
       4A     -0.581784     5A     -0.509098  

    Virtual:                                                              

       6A      0.021767     7A      0.041848     8A      0.050393  
       9A      0.071417    10A      0.101826    11A      0.120224  
      12A      0.144890    13A      0.154864    14A      0.171833  
      15A      0.172273    16A      0.190230    17A      0.219980  
      18A      0.245469    19A      0.252276    20A      0.260563  
      21A      0.270188    22A      0.284301    23A      0.309339  
      24A      0.318059    25A      0.338238    26A      0.363026  
      27A      0.372629    28A      0.377456    29A      0.392535  
      30A      0.429444    31A      0.437092    32A      0.456330  
      33A      0.471969    34A      0.548296    35A      0.562076  
      36A      0.607099    37A      0.638308    38A      0.666489  
      39A      0.703987    40A      0.721175    41A      0.741726  
      42A      0.749493    43A      0.777183    44A      0.782991  
      45A      0.787759    46A      0.826491    47A      0.843832  
      48A      0.865882    49A      0.884432    50A      0.891761  
      51A      0.896111    52A      0.923603    53A      0.941863  
      54A      0.943956    55A      0.948050    56A      0.957399  
      57A      0.968630    58A      0.989415    59A      1.017283  
      60A      1.026794    61A      1.057022    62A      1.076917  
      63A      1.085222    64A      1.130329    65A      1.139742  
      66A      1.154380    67A      1.188608    68A      1.203532  
      69A      1.213188    70A      1.220629    71A      1.273700  
      72A      1.287027    73A      1.352445    74A      1.360810  
      75A      1.399334    76A      1.496827    77A      1.529709  
      78A      1.533426    79A      1.570691    80A      1.590410  
      81A      1.608341    82A      1.609335    83A      1.700633  
      84A      1.706212    85A      1.741148    86A      1.790803  
      87A      1.827512    88A      1.881437    89A      1.943455  
      90A      1.947177    91A      1.990338    92A      2.049053  
      93A      2.069012    94A      2.086668    95A      2.184436  
      96A      2.205836    97A      2.300803    98A      2.309629  
      99A      2.391428   100A      2.398376   101A      2.444821  
     102A      2.453721   103A      2.463677   104A      2.505941  
     105A      2.551979   106A      2.561018   107A      2.619821  
     108A      2.697194   109A      2.702320   110A      2.774161  
     111A      2.791874   112A      2.860865   113A      2.914582  
     114A      2.938444   115A      2.972241   116A      3.101648  
     117A      3.132212   118A      3.134403   119A      3.207239  
     120A      3.250785   121A      3.305692   122A      3.377523  
     123A      3.460799   124A      3.658199   125A      3.677452  
     126A      3.732143   127A      3.757947   128A      3.881224  
     129A      4.089863   130A      4.217169   131A      4.253642  
     132A      4.271017   133A      4.325598   134A      4.369178  
     135A      4.406614   136A      4.441089   137A      4.495653  
     138A      4.515810   139A      4.564971   140A      4.587714  
     141A      4.631597   142A      4.655851   143A      4.729287  
     144A      4.806956   145A      4.816411   146A      4.946734  
     147A      5.010189   148A      5.029488   149A      5.040158  
     150A      5.177558   151A      5.210190   152A      5.281945  
     153A      5.328009   154A      5.352246   155A      5.405291  
     156A      5.499893   157A      5.704327   158A      5.717238  
     159A      5.810613   160A      5.821900   161A      5.977294  
     162A      6.070370   163A      6.318332   164A      6.399581  
     165A      6.521507   166A      6.623398   167A      6.700928  
     168A      6.771589   169A      7.032802   170A      7.133375  
     171A      7.190990   172A      7.276354   173A      7.381579  
     174A      7.467645   175A      7.553235   176A      7.594407  
     177A      7.854842   178A      7.919937   179A      7.966422  
     180A      8.033891   181A      8.170917   182A      8.182725  
     183A      8.300239   184A      8.353204   185A      8.917074  
     186A      8.954191   187A      9.124516   188A     10.160012  
     189A     10.348038   190A     10.522341   191A     10.957353  
     192A     11.312280   193A     12.467568   194A     13.690870  
     195A     13.855277   196A     14.176717   197A     18.136944  
     198A     74.065768  

    Final Occupation by Irrep:
              A 
    DOCC [     5 ]

  @DF-RHF Final Energy:   -76.05942164232280

   => Energetics <=

    Nuclear Repulsion Energy =              9.0580535503069708
    One-Electron Energy =                -122.8012398687294819
    Two-Electron Energy =                  37.6837646760997131
    Total Energy =                        -76.0594216423228033

Computation Completed


Properties will be evaluated at   0.000000,   0.000000,   0.000000 [a0]

Properties computed using the SCF density matrix

  Nuclear Dipole Moment: [e a0]
     X:    -0.8705      Y:     0.0000      Z:     0.4862

  Electronic Dipole Moment: [e a0]
     X:     0.1866      Y:    -0.0000      Z:    -0.1035

  Dipole Moment: [e a0]
     X:    -0.6839      Y:    -0.0000      Z:     0.3827     Total:     0.7837

  Dipole Moment: [D]
     X:    -1.7383      Y:    -0.0000      Z:     0.9727     Total:     1.9920


*** tstop() called on whirligig at Thu Jul 25 20:37:26 2019
Module time:
	user time   =       9.98 seconds =       0.17 minutes
	system time =       0.24 seconds =       0.00 minutes
	total time  =          1 seconds =       0.02 minutes
Total time:
	user time   =       9.98 seconds =       0.17 minutes
	system time =       0.24 seconds =       0.00 minutes
	total time  =          1 seconds =       0.02 minutes

    Psi4 stopped on: Thursday, 25 July 2019 08:37PM
    Psi4 wall time for execution: 0:00:01.27

*** Psi4 exiting successfully. Buy a developer a beer!
